---
source: crates/roko-execution/src/profiles.rs
assertion_line: 252
expression: rows
---
[
  [
    "FullPlan",
    [
      [
        "Dispatch",
        "required"
      ],
      [
        "Prompt",
        "required"
      ],
      [
        "Feedback",
        "required"
      ],
      [
        "Extensions",
        "required"
      ],
      [
        "Observation",
        "required"
      ],
      [
        "Guards",
        "required"
      ]
    ]
  ],
  [
    "GraphPlan",
    [
      [
        "Dispatch",
        "required"
      ],
      [
        "Prompt",
        "required"
      ],
      [
        "Feedback",
        "required"
      ],
      [
        "Extensions",
        "required"
      ],
      [
        "Observation",
        "required"
      ],
      [
        "Guards",
        "required"
      ]
    ]
  ],
  [
    "Workflow",
    [
      [
        "Dispatch",
        "required"
      ],
      [
        "Prompt",
        "required"
      ],
      [
        "Feedback",
        "optional"
      ],
      [
        "Extensions",
        "optional"
      ],
      [
        "Observation",
        "required"
      ],
      [
        "Guards",
        "required"
      ]
    ]
  ],
  [
    "DirectLight",
    [
      [
        "Dispatch",
        "required"
      ],
      [
        "Prompt",
        "required"
      ],
      [
        "Feedback",
        "optional"
      ],
      [
        "Extensions",
        "optional"
      ],
      [
        "Observation",
        "required"
      ],
      [
        "Guards",
        "required"
      ]
    ]
  ],
  [
    "AgentServer",
    [
      [
        "Dispatch",
        "required"
      ],
      [
        "Prompt",
        "required"
      ],
      [
        "Feedback",
        "optional"
      ],
      [
        "Extensions",
        "optional"
      ],
      [
        "Observation",
        "required"
      ],
      [
        "Guards",
        "required"
      ]
    ]
  ],
  [
    "ChatLight",
    [
      [
        "Dispatch",
        "required"
      ],
      [
        "Prompt",
        "required"
      ],
      [
        "Feedback",
        "optional"
      ],
      [
        "Extensions",
        "optional"
      ],
      [
        "Observation",
        "required"
      ],
      [
        "Guards",
        "required"
      ]
    ]
  ],
  [
    "AuthoredGraph",
    [
      [
        "Dispatch",
        "required"
      ],
      [
        "Prompt",
        "required"
      ],
      [
        "Feedback",
        "optional"
      ],
      [
        "Extensions",
        "optional"
      ],
      [
        "Observation",
        "required"
      ],
      [
        "Guards",
        "required"
      ]
    ]
  ]
]
