---
source: crates/roko-execution/src/builder.rs
expression: snapshot
---
[
  {
    "dispatch_has_cascade_router": false,
    "dispatch_has_health_registry": true,
    "dispatch_has_mcp_runtime": false,
    "guards_has_budget": false,
    "guards_has_process_supervisor": false,
    "has_dispatch": true,
    "has_extensions": true,
    "has_feedback": true,
    "has_guards": true,
    "has_observation": true,
    "has_prompt": true,
    "observation_has_event_publisher": false,
    "observation_telemetry_enabled": false,
    "profile": "FullPlan"
  },
  {
    "dispatch_has_cascade_router": false,
    "dispatch_has_health_registry": true,
    "dispatch_has_mcp_runtime": false,
    "guards_has_budget": false,
    "guards_has_process_supervisor": false,
    "has_dispatch": true,
    "has_extensions": true,
    "has_feedback": true,
    "has_guards": true,
    "has_observation": true,
    "has_prompt": true,
    "observation_has_event_publisher": false,
    "observation_telemetry_enabled": false,
    "profile": "GraphPlan"
  },
  {
    "dispatch_has_cascade_router": false,
    "dispatch_has_health_registry": true,
    "dispatch_has_mcp_runtime": false,
    "guards_has_budget": false,
    "guards_has_process_supervisor": false,
    "has_dispatch": true,
    "has_extensions": true,
    "has_feedback": true,
    "has_guards": true,
    "has_observation": true,
    "has_prompt": true,
    "observation_has_event_publisher": false,
    "observation_telemetry_enabled": false,
    "profile": "Workflow"
  },
  {
    "dispatch_has_cascade_router": false,
    "dispatch_has_health_registry": true,
    "dispatch_has_mcp_runtime": false,
    "guards_has_budget": false,
    "guards_has_process_supervisor": false,
    "has_dispatch": true,
    "has_extensions": true,
    "has_feedback": true,
    "has_guards": true,
    "has_observation": true,
    "has_prompt": true,
    "observation_has_event_publisher": false,
    "observation_telemetry_enabled": false,
    "profile": "DirectLight"
  },
  {
    "dispatch_has_cascade_router": false,
    "dispatch_has_health_registry": true,
    "dispatch_has_mcp_runtime": false,
    "guards_has_budget": false,
    "guards_has_process_supervisor": false,
    "has_dispatch": true,
    "has_extensions": true,
    "has_feedback": true,
    "has_guards": true,
    "has_observation": true,
    "has_prompt": true,
    "observation_has_event_publisher": false,
    "observation_telemetry_enabled": false,
    "profile": "AgentServer"
  },
  {
    "dispatch_has_cascade_router": false,
    "dispatch_has_health_registry": true,
    "dispatch_has_mcp_runtime": false,
    "guards_has_budget": false,
    "guards_has_process_supervisor": false,
    "has_dispatch": true,
    "has_extensions": true,
    "has_feedback": true,
    "has_guards": true,
    "has_observation": true,
    "has_prompt": true,
    "observation_has_event_publisher": false,
    "observation_telemetry_enabled": false,
    "profile": "ChatLight"
  },
  {
    "dispatch_has_cascade_router": false,
    "dispatch_has_health_registry": true,
    "dispatch_has_mcp_runtime": false,
    "guards_has_budget": false,
    "guards_has_process_supervisor": false,
    "has_dispatch": true,
    "has_extensions": true,
    "has_feedback": true,
    "has_guards": true,
    "has_observation": true,
    "has_prompt": true,
    "observation_has_event_publisher": false,
    "observation_telemetry_enabled": false,
    "profile": "AuthoredGraph"
  }
]
